<?xml version="1.0" encoding="ISO-8859-1" ?>
<link_info>
   <banner>TMS320C2000 Linker Unix v25.11.1.LTS</banner>
   <copyright>Copyright (c) 1996-2018 Texas Instruments Incorporated</copyright>
   <command_line>/Applications/ti/ccs2100/ccs/tools/compiler/ti-cgt-c2000_25.11.1.LTS/bin/lnk2000 --tm_feedback=/var/tmp/TIfU7YuxJQ5 --cla_support=cla1 --float_support=fpu32 --tmu_support=tmu0 --vcu_support=vcu2 --diag_suppress=10063 --diag_warning=225 --diag_wrap=off --display_error_number --abi=eabi --buffer_diagnostics --ecc=off --map_file=dpt_rev_2.map --heap_size=0x200 --stack_size=0x3F8 --warn_sections --search_path=/Applications/ti/ccs2100/ccs/tools/compiler/ti-cgt-c2000_25.11.1.LTS/lib --search_path=/Applications/ti/ccs2100/ccs/tools/compiler/ti-cgt-c2000_25.11.1.LTS/include --reread_libs --define=RAM --diag_wrap=off --display_error_number --xml_link_info=dpt_rev_2_linkInfo.xml --entry_point=code_start --rom_model --output_file=dpt_rev_2.out ./double_pulse_test.obj ./syscfg/board.obj ./syscfg/c2000ware_libraries.obj ./device/F2837xD_CodeStartBranch.obj ./device/device.obj ../2837xD_RAM_lnk_cpu1.cmd /Applications/ti/c2000/C2000Ware_26_01_00_00/driverlib/f2837xd/driverlib/ccs/Debug/driverlib.lib --library=libc.a</command_line>
   <link_time>0x6a3d7c7f</link_time>
   <link_errors>0x0</link_errors>
   <output_file>/Users/josephinewilliams/workspace_ccstheia/dpt_rev_2/CPU1_RAM/dpt_rev_2.out</output_file>
   <entry_point>
      <name>code_start</name>
      <address>0x0</address>
   </entry_point>
   <input_file_list>
      <input_file id="fl-1">
         <path>/Users/josephinewilliams/workspace_ccstheia/dpt_rev_2/CPU1_RAM/./</path>
         <kind>object</kind>
         <file>double_pulse_test.obj</file>
         <name>double_pulse_test.obj</name>
      </input_file>
      <input_file id="fl-2">
         <path>/Users/josephinewilliams/workspace_ccstheia/dpt_rev_2/CPU1_RAM/./syscfg/</path>
         <kind>object</kind>
         <file>board.obj</file>
         <name>board.obj</name>
      </input_file>
      <input_file id="fl-3">
         <path>/Users/josephinewilliams/workspace_ccstheia/dpt_rev_2/CPU1_RAM/./syscfg/</path>
         <kind>object</kind>
         <file>c2000ware_libraries.obj</file>
         <name>c2000ware_libraries.obj</name>
      </input_file>
      <input_file id="fl-4">
         <path>/Users/josephinewilliams/workspace_ccstheia/dpt_rev_2/CPU1_RAM/./device/</path>
         <kind>object</kind>
         <file>F2837xD_CodeStartBranch.obj</file>
         <name>F2837xD_CodeStartBranch.obj</name>
      </input_file>
      <input_file id="fl-5">
         <path>/Users/josephinewilliams/workspace_ccstheia/dpt_rev_2/CPU1_RAM/./device/</path>
         <kind>object</kind>
         <file>device.obj</file>
         <name>device.obj</name>
      </input_file>
      <input_file id="fl-a">
         <path>/Users/josephinewilliams/workspace_ccstheia/dpt_rev_2/CPU1_RAM/</path>
         <kind>object</kind>
         <file>&lt;internal&gt;</file>
         <name>&lt;internal&gt;</name>
      </input_file>
      <input_file id="fl-e">
         <path>/Applications/ti/c2000/C2000Ware_26_01_00_00/driverlib/f2837xd/driverlib/ccs/Debug/</path>
         <kind>archive</kind>
         <file>driverlib_eabi.lib</file>
         <name>gpio.obj</name>
      </input_file>
      <input_file id="fl-f">
         <path>/Applications/ti/c2000/C2000Ware_26_01_00_00/driverlib/f2837xd/driverlib/ccs/Debug/</path>
         <kind>archive</kind>
         <file>driverlib_eabi.lib</file>
         <name>interrupt.obj</name>
      </input_file>
      <input_file id="fl-10">
         <path>/Applications/ti/c2000/C2000Ware_26_01_00_00/driverlib/f2837xd/driverlib/ccs/Debug/</path>
         <kind>archive</kind>
         <file>driverlib_eabi.lib</file>
         <name>sysctl.obj</name>
      </input_file>
      <input_file id="fl-1c">
         <path>/Applications/ti/ccs2100/ccs/tools/compiler/ti-cgt-c2000_25.11.1.LTS/lib/</path>
         <kind>archive</kind>
         <file>rts2800_fpu32_eabi.lib</file>
         <name>boot28.asm.obj</name>
      </input_file>
      <input_file id="fl-1d">
         <path>/Applications/ti/ccs2100/ccs/tools/compiler/ti-cgt-c2000_25.11.1.LTS/lib/</path>
         <kind>archive</kind>
         <file>rts2800_fpu32_eabi.lib</file>
         <name>fs_div28.asm.obj</name>
      </input_file>
      <input_file id="fl-1e">
         <path>/Applications/ti/ccs2100/ccs/tools/compiler/ti-cgt-c2000_25.11.1.LTS/lib/</path>
         <kind>archive</kind>
         <file>rts2800_fpu32_eabi.lib</file>
         <name>pre_init.c.obj</name>
      </input_file>
      <input_file id="fl-1f">
         <path>/Applications/ti/ccs2100/ccs/tools/compiler/ti-cgt-c2000_25.11.1.LTS/lib/</path>
         <kind>archive</kind>
         <file>rts2800_fpu32_eabi.lib</file>
         <name>autoinit.c.obj</name>
      </input_file>
      <input_file id="fl-20">
         <path>/Applications/ti/ccs2100/ccs/tools/compiler/ti-cgt-c2000_25.11.1.LTS/lib/</path>
         <kind>archive</kind>
         <file>rts2800_fpu32_eabi.lib</file>
         <name>copy_zero_init.c.obj</name>
      </input_file>
      <input_file id="fl-21">
         <path>/Applications/ti/ccs2100/ccs/tools/compiler/ti-cgt-c2000_25.11.1.LTS/lib/</path>
         <kind>archive</kind>
         <file>rts2800_fpu32_eabi.lib</file>
         <name>copy_decompress_none.c.obj</name>
      </input_file>
      <input_file id="fl-22">
         <path>/Applications/ti/ccs2100/ccs/tools/compiler/ti-cgt-c2000_25.11.1.LTS/lib/</path>
         <kind>archive</kind>
         <file>rts2800_fpu32_eabi.lib</file>
         <name>copy_decompress_lzss.c.obj</name>
      </input_file>
      <input_file id="fl-23">
         <path>/Applications/ti/ccs2100/ccs/tools/compiler/ti-cgt-c2000_25.11.1.LTS/lib/</path>
         <kind>archive</kind>
         <file>rts2800_fpu32_eabi.lib</file>
         <name>exit.c.obj</name>
      </input_file>
      <input_file id="fl-24">
         <path>/Applications/ti/ccs2100/ccs/tools/compiler/ti-cgt-c2000_25.11.1.LTS/lib/</path>
         <kind>archive</kind>
         <file>rts2800_fpu32_eabi.lib</file>
         <name>_lock.c.obj</name>
      </input_file>
      <input_file id="fl-25">
         <path>/Applications/ti/ccs2100/ccs/tools/compiler/ti-cgt-c2000_25.11.1.LTS/lib/</path>
         <kind>archive</kind>
         <file>rts2800_fpu32_eabi.lib</file>
         <name>args_main.c.obj</name>
      </input_file>
      <input_file id="fl-26">
         <path>/Applications/ti/ccs2100/ccs/tools/compiler/ti-cgt-c2000_25.11.1.LTS/lib/</path>
         <kind>archive</kind>
         <file>rts2800_fpu32_eabi.lib</file>
         <name>memset.c.obj</name>
      </input_file>
      <input_file id="fl-27">
         <path>/Applications/ti/ccs2100/ccs/tools/compiler/ti-cgt-c2000_25.11.1.LTS/lib/</path>
         <kind>archive</kind>
         <file>rts2800_fpu32_eabi.lib</file>
         <name>cpy_tbl.c.obj</name>
      </input_file>
      <input_file id="fl-28">
         <path>/Applications/ti/ccs2100/ccs/tools/compiler/ti-cgt-c2000_25.11.1.LTS/lib/</path>
         <kind>archive</kind>
         <file>rts2800_fpu32_eabi.lib</file>
         <name>memcpy.c.obj</name>
      </input_file>
      <input_file id="fl-29">
         <path>/Applications/ti/ccs2100/ccs/tools/compiler/ti-cgt-c2000_25.11.1.LTS/lib/</path>
         <kind>archive</kind>
         <file>rts2800_fpu32_eabi.lib</file>
         <name>startup.c.obj</name>
      </input_file>
   </input_file_list>
   <object_component_list>
      <object_component id="oc-2d">
         <name>codestart</name>
         <load_address>0x0</load_address>
         <readonly>true</readonly>
         <executable>true</executable>
         <run_address>0x0</run_address>
         <size>0x2</size>
         <alignment>0x1</alignment>
         <input_file_ref idref="fl-4"/>
      </object_component>
      <object_component id="oc-33">
         <name>.text</name>
         <load_address>0x8000</load_address>
         <readonly>true</readonly>
         <executable>true</executable>
         <run_address>0x8000</run_address>
         <size>0x474</size>
         <alignment>0x1</alignment>
         <input_file_ref idref="fl-1"/>
      </object_component>
      <object_component id="oc-19b">
         <name>.text:SysCtl_selectXTAL</name>
         <load_address>0x8474</load_address>
         <readonly>true</readonly>
         <executable>true</executable>
         <run_address>0x8474</run_address>
         <size>0x90</size>
         <alignment>0x1</alignment>
         <input_file_ref idref="fl-10"/>
      </object_component>
      <object_component id="oc-141">
         <name>.text</name>
         <load_address>0x8504</load_address>
         <readonly>true</readonly>
         <executable>true</executable>
         <run_address>0x8504</run_address>
         <size>0x88</size>
         <alignment>0x1</alignment>
         <input_file_ref idref="fl-1d"/>
      </object_component>
      <object_component id="oc-c8">
         <name>.text:SysCtl_getDeviceParametric</name>
         <load_address>0x858c</load_address>
         <readonly>true</readonly>
         <executable>true</executable>
         <run_address>0x858c</run_address>
         <size>0x68</size>
         <alignment>0x1</alignment>
         <input_file_ref idref="fl-10"/>
      </object_component>
      <object_component id="oc-d4">
         <name>.text:SysCtl_getClock</name>
         <load_address>0x85f4</load_address>
         <readonly>true</readonly>
         <executable>true</executable>
         <run_address>0x85f4</run_address>
         <size>0x51</size>
         <alignment>0x1</alignment>
         <input_file_ref idref="fl-10"/>
      </object_component>
      <object_component id="oc-134">
         <name>.text:SysCtl_selectOscSource</name>
         <load_address>0x8645</load_address>
         <readonly>true</readonly>
         <executable>true</executable>
         <run_address>0x8645</run_address>
         <size>0x48</size>
         <alignment>0x1</alignment>
         <input_file_ref idref="fl-10"/>
      </object_component>
      <object_component id="oc-7d">
         <name>.text:Interrupt_initModule</name>
         <load_address>0x868d</load_address>
         <readonly>true</readonly>
         <executable>true</executable>
         <run_address>0x868d</run_address>
         <size>0x3d</size>
         <alignment>0x1</alignment>
         <input_file_ref idref="fl-f"/>
      </object_component>
      <object_component id="oc-9b">
         <name>.text:GPIO_setControllerCore</name>
         <load_address>0x86ca</load_address>
         <readonly>true</readonly>
         <executable>true</executable>
         <run_address>0x86ca</run_address>
         <size>0x37</size>
         <alignment>0x1</alignment>
         <input_file_ref idref="fl-e"/>
      </object_component>
      <object_component id="oc-e1">
         <name>.text:GPIO_setPinConfig</name>
         <load_address>0x8701</load_address>
         <readonly>true</readonly>
         <executable>true</executable>
         <run_address>0x8701</run_address>
         <size>0x37</size>
         <alignment>0x1</alignment>
         <input_file_ref idref="fl-e"/>
      </object_component>
      <object_component id="oc-a1">
         <name>.text:GPIO_setQualificationMode</name>
         <load_address>0x8738</load_address>
         <readonly>true</readonly>
         <executable>true</executable>
         <run_address>0x8738</run_address>
         <size>0x37</size>
         <alignment>0x1</alignment>
         <input_file_ref idref="fl-e"/>
      </object_component>
      <object_component id="oc-89">
         <name>.text:Interrupt_enable</name>
         <load_address>0x876f</load_address>
         <readonly>true</readonly>
         <executable>true</executable>
         <run_address>0x876f</run_address>
         <size>0x37</size>
         <alignment>0x1</alignment>
         <input_file_ref idref="fl-f"/>
      </object_component>
      <object_component id="oc-95">
         <name>.text:GPIO_setDirectionMode</name>
         <load_address>0x87a6</load_address>
         <readonly>true</readonly>
         <executable>true</executable>
         <run_address>0x87a6</run_address>
         <size>0x31</size>
         <alignment>0x1</alignment>
         <input_file_ref idref="fl-e"/>
      </object_component>
      <object_component id="oc-124">
         <name>.text</name>
         <load_address>0x87d7</load_address>
         <readonly>true</readonly>
         <executable>true</executable>
         <run_address>0x87d7</run_address>
         <size>0x29</size>
         <alignment>0x1</alignment>
         <input_file_ref idref="fl-23"/>
      </object_component>
      <object_component id="oc-77">
         <name>.text</name>
         <load_address>0x8800</load_address>
         <readonly>true</readonly>
         <executable>true</executable>
         <run_address>0x8800</run_address>
         <size>0x3ff</size>
         <alignment>0x1</alignment>
         <input_file_ref idref="fl-5"/>
      </object_component>
      <object_component id="oc-20">
         <name>.text:decompress:lzss</name>
         <load_address>0x8bff</load_address>
         <readonly>true</readonly>
         <executable>true</executable>
         <run_address>0x8bff</run_address>
         <size>0x2e</size>
         <alignment>0x1</alignment>
         <input_file_ref idref="fl-22"/>
      </object_component>
      <object_component id="oc-15d">
         <name>.text:__TI_auto_init_nobinit_nopinit</name>
         <load_address>0x8c2d</load_address>
         <readonly>true</readonly>
         <executable>true</executable>
         <run_address>0x8c2d</run_address>
         <size>0x2b</size>
         <alignment>0x1</alignment>
         <input_file_ref idref="fl-1f"/>
      </object_component>
      <object_component id="oc-1df">
         <name>.text:CPUTimer_selectClockSource</name>
         <load_address>0x8c58</load_address>
         <readonly>true</readonly>
         <executable>true</executable>
         <run_address>0x8c58</run_address>
         <size>0x28</size>
         <alignment>0x1</alignment>
         <input_file_ref idref="fl-10"/>
      </object_component>
      <object_component id="oc-59">
         <name>.text</name>
         <load_address>0x8c80</load_address>
         <readonly>true</readonly>
         <executable>true</executable>
         <run_address>0x8c80</run_address>
         <size>0x20</size>
         <alignment>0x1</alignment>
         <input_file_ref idref="fl-28"/>
      </object_component>
      <object_component id="oc-218">
         <name>.text:CPUTimer_getTimerOverflowStatus</name>
         <load_address>0x8ca0</load_address>
         <readonly>true</readonly>
         <executable>true</executable>
         <run_address>0x8ca0</run_address>
         <size>0x1f</size>
         <alignment>0x1</alignment>
         <input_file_ref idref="fl-10"/>
      </object_component>
      <object_component id="oc-3f">
         <name>.text:Interrupt_initVectorTable</name>
         <load_address>0x8cbf</load_address>
         <readonly>true</readonly>
         <executable>true</executable>
         <run_address>0x8cbf</run_address>
         <size>0x1e</size>
         <alignment>0x1</alignment>
         <input_file_ref idref="fl-f"/>
      </object_component>
      <object_component id="oc-1eb">
         <name>.text:CPUTimer_startTimer</name>
         <load_address>0x8cdd</load_address>
         <readonly>true</readonly>
         <executable>true</executable>
         <run_address>0x8cdd</run_address>
         <size>0x1a</size>
         <alignment>0x1</alignment>
         <input_file_ref idref="fl-10"/>
      </object_component>
      <object_component id="oc-db">
         <name>.text:SysCtl_getLowSpeedClock</name>
         <load_address>0x8cf7</load_address>
         <readonly>true</readonly>
         <executable>true</executable>
         <run_address>0x8cf7</run_address>
         <size>0x1a</size>
         <alignment>0x1</alignment>
         <input_file_ref idref="fl-10"/>
      </object_component>
      <object_component id="oc-20c">
         <name>.text:CPUTimer_isBaseValid</name>
         <load_address>0x8d11</load_address>
         <readonly>true</readonly>
         <executable>true</executable>
         <run_address>0x8d11</run_address>
         <size>0x17</size>
         <alignment>0x1</alignment>
         <input_file_ref idref="fl-10"/>
      </object_component>
      <object_component id="oc-c0">
         <name>.text</name>
         <load_address>0x8d28</load_address>
         <readonly>true</readonly>
         <executable>true</executable>
         <run_address>0x8d28</run_address>
         <size>0x17</size>
         <alignment>0x1</alignment>
         <input_file_ref idref="fl-1c"/>
      </object_component>
      <object_component id="oc-3e">
         <name>.text:Interrupt_defaultHandler</name>
         <load_address>0x8d3f</load_address>
         <readonly>true</readonly>
         <executable>true</executable>
         <run_address>0x8d3f</run_address>
         <size>0x16</size>
         <alignment>0x1</alignment>
         <input_file_ref idref="fl-f"/>
      </object_component>
      <object_component id="oc-1d3">
         <name>.text:CPUTimer_stopTimer</name>
         <load_address>0x8d55</load_address>
         <readonly>true</readonly>
         <executable>true</executable>
         <run_address>0x8d55</run_address>
         <size>0x14</size>
         <alignment>0x1</alignment>
         <input_file_ref idref="fl-10"/>
      </object_component>
      <object_component id="oc-1e5">
         <name>.text:CPUTimer_clearOverflowFlag</name>
         <load_address>0x8d69</load_address>
         <readonly>true</readonly>
         <executable>true</executable>
         <run_address>0x8d69</run_address>
         <size>0x12</size>
         <alignment>0x1</alignment>
         <input_file_ref idref="fl-10"/>
      </object_component>
      <object_component id="oc-1cd">
         <name>.text:CPUTimer_disableInterrupt</name>
         <load_address>0x8d7b</load_address>
         <readonly>true</readonly>
         <executable>true</executable>
         <run_address>0x8d7b</run_address>
         <size>0x12</size>
         <alignment>0x1</alignment>
         <input_file_ref idref="fl-10"/>
      </object_component>
      <object_component id="oc-11e">
         <name>.text</name>
         <load_address>0x8d8d</load_address>
         <readonly>true</readonly>
         <executable>true</executable>
         <run_address>0x8d8d</run_address>
         <size>0x12</size>
         <alignment>0x1</alignment>
         <input_file_ref idref="fl-25"/>
      </object_component>
      <object_component id="oc-1d9">
         <name>.text:CPUTimer_setPeriod</name>
         <load_address>0x8d9f</load_address>
         <readonly>true</readonly>
         <executable>true</executable>
         <run_address>0x8d9f</run_address>
         <size>0x11</size>
         <alignment>0x1</alignment>
         <input_file_ref idref="fl-10"/>
      </object_component>
      <object_component id="oc-1f1">
         <name>.text:SysCtl_pollCpuTimer</name>
         <load_address>0x8db0</load_address>
         <readonly>true</readonly>
         <executable>true</executable>
         <run_address>0x8db0</run_address>
         <size>0xf</size>
         <alignment>0x1</alignment>
         <input_file_ref idref="fl-10"/>
      </object_component>
      <object_component id="oc-fd">
         <name>.text:GPIO_isPinValid</name>
         <load_address>0x8dbf</load_address>
         <readonly>true</readonly>
         <executable>true</executable>
         <run_address>0x8dbf</run_address>
         <size>0xe</size>
         <alignment>0x1</alignment>
         <input_file_ref idref="fl-e"/>
      </object_component>
      <object_component id="oc-ec">
         <name>.text:Interrupt_disableGlobal</name>
         <load_address>0x8dcd</load_address>
         <readonly>true</readonly>
         <executable>true</executable>
         <run_address>0x8dcd</run_address>
         <size>0xd</size>
         <alignment>0x1</alignment>
         <input_file_ref idref="fl-f"/>
      </object_component>
      <object_component id="oc-f6">
         <name>.text:Interrupt_enableGlobal</name>
         <load_address>0x8dda</load_address>
         <readonly>true</readonly>
         <executable>true</executable>
         <run_address>0x8dda</run_address>
         <size>0xd</size>
         <alignment>0x1</alignment>
         <input_file_ref idref="fl-f"/>
      </object_component>
      <object_component id="oc-12e">
         <name>.text:SysCtl_isMCDClockFailureDetected</name>
         <load_address>0x8de7</load_address>
         <readonly>true</readonly>
         <executable>true</executable>
         <run_address>0x8de7</run_address>
         <size>0xb</size>
         <alignment>0x1</alignment>
         <input_file_ref idref="fl-10"/>
      </object_component>
      <object_component id="oc-4a">
         <name>.text:Interrupt_illegalOperationHandler</name>
         <load_address>0x8df2</load_address>
         <readonly>true</readonly>
         <executable>true</executable>
         <run_address>0x8df2</run_address>
         <size>0xa</size>
         <alignment>0x1</alignment>
         <input_file_ref idref="fl-f"/>
      </object_component>
      <object_component id="oc-50">
         <name>.text:Interrupt_nmiHandler</name>
         <load_address>0x8dfc</load_address>
         <readonly>true</readonly>
         <executable>true</executable>
         <run_address>0x8dfc</run_address>
         <size>0xa</size>
         <alignment>0x1</alignment>
         <input_file_ref idref="fl-f"/>
      </object_component>
      <object_component id="oc-13b">
         <name>.text:SysCtl_serviceWatchdog</name>
         <load_address>0x8e06</load_address>
         <readonly>true</readonly>
         <executable>true</executable>
         <run_address>0x8e06</run_address>
         <size>0x9</size>
         <alignment>0x1</alignment>
         <input_file_ref idref="fl-10"/>
      </object_component>
      <object_component id="oc-1c1">
         <name>.text</name>
         <load_address>0x8e0f</load_address>
         <readonly>true</readonly>
         <executable>true</executable>
         <run_address>0x8e0f</run_address>
         <size>0x9</size>
         <alignment>0x1</alignment>
         <input_file_ref idref="fl-24"/>
      </object_component>
      <object_component id="oc-6d">
         <name>.text</name>
         <load_address>0x8e18</load_address>
         <readonly>true</readonly>
         <executable>true</executable>
         <run_address>0x8e18</run_address>
         <size>0x8</size>
         <alignment>0x1</alignment>
         <input_file_ref idref="fl-4"/>
      </object_component>
      <object_component id="oc-26">
         <name>.text:decompress:none</name>
         <load_address>0x8e20</load_address>
         <readonly>true</readonly>
         <executable>true</executable>
         <run_address>0x8e20</run_address>
         <size>0x8</size>
         <alignment>0x1</alignment>
         <input_file_ref idref="fl-21"/>
      </object_component>
      <object_component id="oc-117">
         <name>.text</name>
         <load_address>0x8e28</load_address>
         <readonly>true</readonly>
         <executable>true</executable>
         <run_address>0x8e28</run_address>
         <size>0x2</size>
         <alignment>0x1</alignment>
         <input_file_ref idref="fl-1e"/>
      </object_component>
      <object_component id="oc-1a7">
         <name>.text</name>
         <load_address>0x8e2a</load_address>
         <readonly>true</readonly>
         <executable>true</executable>
         <run_address>0x8e2a</run_address>
         <size>0x1</size>
         <alignment>0x1</alignment>
         <input_file_ref idref="fl-29"/>
      </object_component>
      <object_component id="oc-83">
         <name>.text</name>
         <load_address>0xb000</load_address>
         <readonly>true</readonly>
         <executable>true</executable>
         <run_address>0xb000</run_address>
         <size>0x496</size>
         <alignment>0x1</alignment>
         <input_file_ref idref="fl-2"/>
      </object_component>
      <object_component id="oc-ce">
         <name>.text:SysCtl_setClock</name>
         <load_address>0xb496</load_address>
         <readonly>true</readonly>
         <executable>true</executable>
         <run_address>0xb496</run_address>
         <size>0x209</size>
         <alignment>0x1</alignment>
         <input_file_ref idref="fl-10"/>
      </object_component>
      <object_component id="oc-32">
         <name>.text:retain</name>
         <load_address>0xb69f</load_address>
         <readonly>true</readonly>
         <executable>true</executable>
         <run_address>0xb69f</run_address>
         <size>0x108</size>
         <alignment>0x1</alignment>
         <input_file_ref idref="fl-1"/>
      </object_component>
      <object_component id="oc-8f">
         <name>.text:GPIO_setPadConfig</name>
         <load_address>0xb7a7</load_address>
         <readonly>true</readonly>
         <executable>true</executable>
         <run_address>0xb7a7</run_address>
         <size>0x52</size>
         <alignment>0x1</alignment>
         <input_file_ref idref="fl-e"/>
      </object_component>
      <object_component id="oc-1f7">
         <name>.text:SysCtl_resetMCD</name>
         <load_address>0xb7f9</load_address>
         <readonly>true</readonly>
         <executable>true</executable>
         <run_address>0xb7f9</run_address>
         <size>0x7</size>
         <alignment>0x1</alignment>
         <input_file_ref idref="fl-10"/>
      </object_component>
      <object_component id="oc-25d">
         <name>.cinit..data.load</name>
         <load_address>0x128</load_address>
         <readonly>true</readonly>
         <run_address>0x128</run_address>
         <size>0x9</size>
         <alignment>0x1</alignment>
      </object_component>
      <object_component id="oc-25b">
         <name>__TI_handler_table</name>
         <load_address>0x132</load_address>
         <readonly>true</readonly>
         <run_address>0x132</run_address>
         <size>0x4</size>
         <alignment>0x2</alignment>
      </object_component>
      <object_component id="oc-25c">
         <name>__TI_cinit_table</name>
         <load_address>0x136</load_address>
         <readonly>true</readonly>
         <run_address>0x136</run_address>
         <size>0x4</size>
         <alignment>0x2</alignment>
      </object_component>
      <object_component id="oc-56">
         <name>.stack</name>
         <uninitialized>true</uninitialized>
         <readwrite>true</readwrite>
         <run_address>0x400</run_address>
         <size>0x0</size>
         <alignment>0x1</alignment>
         <input_file_ref idref="fl-1c"/>
      </object_component>
      <object_component id="oc-25e">
         <name>.stack</name>
         <uninitialized>true</uninitialized>
         <readwrite>true</readwrite>
         <run_address>0x400</run_address>
         <size>0x0</size>
         <alignment>0x2</alignment>
      </object_component>
      <object_component id="oc-76">
         <name>.const:.string</name>
         <load_address>0xa800</load_address>
         <readonly>true</readonly>
         <run_address>0xa800</run_address>
         <size>0xf4</size>
         <alignment>0x2</alignment>
         <input_file_ref idref="fl-1"/>
      </object_component>
      <object_component id="oc-12d">
         <name>.const:.string</name>
         <load_address>0xa8f4</load_address>
         <readonly>true</readonly>
         <run_address>0xa8f4</run_address>
         <size>0xc2</size>
         <alignment>0x2</alignment>
         <input_file_ref idref="fl-10"/>
      </object_component>
      <object_component id="oc-103">
         <name>.const:.string</name>
         <load_address>0xa9b6</load_address>
         <readonly>true</readonly>
         <run_address>0xa9b6</run_address>
         <size>0xbc</size>
         <alignment>0x2</alignment>
         <input_file_ref idref="fl-e"/>
      </object_component>
      <object_component id="oc-f3">
         <name>.const:.string</name>
         <load_address>0xaa72</load_address>
         <readonly>true</readonly>
         <run_address>0xaa72</run_address>
         <size>0x50</size>
         <alignment>0x2</alignment>
         <input_file_ref idref="fl-2"/>
      </object_component>
      <object_component id="oc-da">
         <name>.const:.string</name>
         <load_address>0xaac2</load_address>
         <readonly>true</readonly>
         <run_address>0xaac2</run_address>
         <size>0x13</size>
         <alignment>0x2</alignment>
         <input_file_ref idref="fl-5"/>
      </object_component>
      <object_component id="oc-73">
         <name>.data</name>
         <load_address>0xaad6</load_address>
         <readwrite>true</readwrite>
         <run_address>0xaad6</run_address>
         <size>0xe</size>
         <alignment>0x2</alignment>
         <input_file_ref idref="fl-1"/>
      </object_component>
      <object_component id="oc-e7">
         <name>.data</name>
         <load_address>0xaae4</load_address>
         <readwrite>true</readwrite>
         <run_address>0xaae4</run_address>
         <size>0x6</size>
         <alignment>0x2</alignment>
         <input_file_ref idref="fl-5"/>
      </object_component>
      <object_component id="oc-18f">
         <name>.data</name>
         <load_address>0xaaea</load_address>
         <readwrite>true</readwrite>
         <run_address>0xaaea</run_address>
         <size>0x6</size>
         <alignment>0x2</alignment>
         <input_file_ref idref="fl-23"/>
      </object_component>
      <object_component id="oc-192">
         <name>.data:_lock</name>
         <load_address>0xaaf0</load_address>
         <readwrite>true</readwrite>
         <run_address>0xaaf0</run_address>
         <size>0x2</size>
         <alignment>0x2</alignment>
         <input_file_ref idref="fl-24"/>
      </object_component>
      <object_component id="oc-205">
         <name>.data:_unlock</name>
         <load_address>0xaaf2</load_address>
         <readwrite>true</readwrite>
         <run_address>0xaaf2</run_address>
         <size>0x2</size>
         <alignment>0x2</alignment>
         <input_file_ref idref="fl-24"/>
      </object_component>
      <object_component id="oc-13a">
         <name>.TI.ramfunc</name>
         <load_address>0x123</load_address>
         <readonly>true</readonly>
         <executable>true</executable>
         <run_address>0x123</run_address>
         <size>0x4</size>
         <alignment>0x1</alignment>
         <input_file_ref idref="fl-10"/>
      </object_component>
      <object_component id="oc-a8">
         <name>.debug_types</name>
         <load_address>0x0</load_address>
         <run_address>0x0</run_address>
         <size>0x1788</size>
         <alignment>0x0</alignment>
         <input_file_ref idref="fl-1"/>
      </object_component>
      <object_component id="oc-f5">
         <name>.debug_types</name>
         <load_address>0x1788</load_address>
         <run_address>0x1788</run_address>
         <size>0x9ab</size>
         <alignment>0x0</alignment>
         <input_file_ref idref="fl-2"/>
      </object_component>
      <object_component id="oc-eb">
         <name>.debug_types</name>
         <load_address>0x2133</load_address>
         <run_address>0x2133</run_address>
         <size>0x5c2</size>
         <alignment>0x0</alignment>
         <input_file_ref idref="fl-5"/>
      </object_component>
      <object_component id="oc-105">
         <name>.debug_types</name>
         <load_address>0x26f5</load_address>
         <run_address>0x26f5</run_address>
         <size>0x2c4</size>
         <alignment>0x0</alignment>
         <input_file_ref idref="fl-e"/>
      </object_component>
      <object_component id="oc-ab">
         <name>.debug_types</name>
         <load_address>0x0</load_address>
         <run_address>0x0</run_address>
         <size>0x0</size>
         <alignment>0x0</alignment>
         <input_file_ref idref="fl-f"/>
      </object_component>
      <object_component id="oc-12c">
         <name>.debug_types</name>
         <load_address>0x29b9</load_address>
         <run_address>0x29b9</run_address>
         <size>0x254</size>
         <alignment>0x0</alignment>
         <input_file_ref idref="fl-10"/>
      </object_component>
      <object_component id="oc-15c">
         <name>.debug_types</name>
         <load_address>0x0</load_address>
         <run_address>0x0</run_address>
         <size>0x0</size>
         <alignment>0x0</alignment>
         <input_file_ref idref="fl-1e"/>
      </object_component>
      <object_component id="oc-1ae">
         <name>.debug_types</name>
         <load_address>0x2c0d</load_address>
         <run_address>0x2c0d</run_address>
         <size>0x49b</size>
         <alignment>0x0</alignment>
         <input_file_ref idref="fl-1f"/>
      </object_component>
      <object_component id="oc-60">
         <name>.debug_types</name>
         <load_address>0x30a8</load_address>
         <run_address>0x30a8</run_address>
         <size>0x1c8</size>
         <alignment>0x0</alignment>
         <input_file_ref idref="fl-21"/>
      </object_component>
      <object_component id="oc-58">
         <name>.debug_types</name>
         <load_address>0x3270</load_address>
         <run_address>0x3270</run_address>
         <size>0x191</size>
         <alignment>0x0</alignment>
         <input_file_ref idref="fl-22"/>
      </object_component>
      <object_component id="oc-196">
         <name>.debug_types</name>
         <load_address>0x3401</load_address>
         <run_address>0x3401</run_address>
         <size>0xbf</size>
         <alignment>0x0</alignment>
         <input_file_ref idref="fl-23"/>
      </object_component>
      <object_component id="oc-1c9">
         <name>.debug_types</name>
         <load_address>0x34c0</load_address>
         <run_address>0x34c0</run_address>
         <size>0x2f</size>
         <alignment>0x0</alignment>
         <input_file_ref idref="fl-24"/>
      </object_component>
      <object_component id="oc-18e">
         <name>.debug_types</name>
         <load_address>0x34ef</load_address>
         <run_address>0x34ef</run_address>
         <size>0xe1</size>
         <alignment>0x0</alignment>
         <input_file_ref idref="fl-25"/>
      </object_component>
      <object_component id="oc-b3">
         <name>.debug_types</name>
         <load_address>0x35d0</load_address>
         <run_address>0x35d0</run_address>
         <size>0xe3</size>
         <alignment>0x0</alignment>
         <input_file_ref idref="fl-28"/>
      </object_component>
      <object_component id="oc-1ff">
         <name>.debug_types</name>
         <load_address>0x0</load_address>
         <run_address>0x0</run_address>
         <size>0x0</size>
         <alignment>0x0</alignment>
         <input_file_ref idref="fl-29"/>
      </object_component>
      <object_component id="oc-74">
         <name>.debug_info</name>
         <load_address>0x0</load_address>
         <run_address>0x0</run_address>
         <size>0x1fe</size>
         <alignment>0x0</alignment>
         <input_file_ref idref="fl-1"/>
      </object_component>
      <object_component id="oc-34">
         <name>.debug_info</name>
         <load_address>0x1fe</load_address>
         <run_address>0x1fe</run_address>
         <size>0x278c</size>
         <alignment>0x0</alignment>
         <input_file_ref idref="fl-1"/>
      </object_component>
      <object_component id="oc-39">
         <name>.debug_info</name>
         <load_address>0x298a</load_address>
         <run_address>0x298a</run_address>
         <size>0x53a</size>
         <alignment>0x0</alignment>
         <input_file_ref idref="fl-1"/>
      </object_component>
      <object_component id="oc-84">
         <name>.debug_info</name>
         <load_address>0x2ec4</load_address>
         <run_address>0x2ec4</run_address>
         <size>0x262e</size>
         <alignment>0x0</alignment>
         <input_file_ref idref="fl-2"/>
      </object_component>
      <object_component id="oc-2e">
         <name>.debug_info</name>
         <load_address>0x54f2</load_address>
         <run_address>0x54f2</run_address>
         <size>0x115</size>
         <alignment>0x0</alignment>
         <input_file_ref idref="fl-4"/>
      </object_component>
      <object_component id="oc-6e">
         <name>.debug_info</name>
         <load_address>0x5607</load_address>
         <run_address>0x5607</run_address>
         <size>0x116</size>
         <alignment>0x0</alignment>
         <input_file_ref idref="fl-4"/>
      </object_component>
      <object_component id="oc-e8">
         <name>.debug_info</name>
         <load_address>0x571d</load_address>
         <run_address>0x571d</run_address>
         <size>0x160</size>
         <alignment>0x0</alignment>
         <input_file_ref idref="fl-5"/>
      </object_component>
      <object_component id="oc-78">
         <name>.debug_info</name>
         <load_address>0x587d</load_address>
         <run_address>0x587d</run_address>
         <size>0x1d47</size>
         <alignment>0x0</alignment>
         <input_file_ref idref="fl-5"/>
      </object_component>
      <object_component id="oc-fe">
         <name>.debug_info</name>
         <load_address>0x75c4</load_address>
         <run_address>0x75c4</run_address>
         <size>0x205</size>
         <alignment>0x0</alignment>
         <input_file_ref idref="fl-e"/>
      </object_component>
      <object_component id="oc-96">
         <name>.debug_info</name>
         <load_address>0x77c9</load_address>
         <run_address>0x77c9</run_address>
         <size>0x27d</size>
         <alignment>0x0</alignment>
         <input_file_ref idref="fl-e"/>
      </object_component>
      <object_component id="oc-90">
         <name>.debug_info</name>
         <load_address>0x7a46</load_address>
         <run_address>0x7a46</run_address>
         <size>0x266</size>
         <alignment>0x0</alignment>
         <input_file_ref idref="fl-e"/>
      </object_component>
      <object_component id="oc-a2">
         <name>.debug_info</name>
         <load_address>0x7cac</load_address>
         <run_address>0x7cac</run_address>
         <size>0x2ae</size>
         <alignment>0x0</alignment>
         <input_file_ref idref="fl-e"/>
      </object_component>
      <object_component id="oc-9c">
         <name>.debug_info</name>
         <load_address>0x7f5a</load_address>
         <run_address>0x7f5a</run_address>
         <size>0x296</size>
         <alignment>0x0</alignment>
         <input_file_ref idref="fl-e"/>
      </object_component>
      <object_component id="oc-e2">
         <name>.debug_info</name>
         <load_address>0x81f0</load_address>
         <run_address>0x81f0</run_address>
         <size>0x24f</size>
         <alignment>0x0</alignment>
         <input_file_ref idref="fl-e"/>
      </object_component>
      <object_component id="oc-f7">
         <name>.debug_info</name>
         <load_address>0x843f</load_address>
         <run_address>0x843f</run_address>
         <size>0x1fe</size>
         <alignment>0x0</alignment>
         <input_file_ref idref="fl-f"/>
      </object_component>
      <object_component id="oc-ed">
         <name>.debug_info</name>
         <load_address>0x863d</load_address>
         <run_address>0x863d</run_address>
         <size>0x200</size>
         <alignment>0x0</alignment>
         <input_file_ref idref="fl-f"/>
      </object_component>
      <object_component id="oc-7e">
         <name>.debug_info</name>
         <load_address>0x883d</load_address>
         <run_address>0x883d</run_address>
         <size>0x20f</size>
         <alignment>0x0</alignment>
         <input_file_ref idref="fl-f"/>
      </object_component>
      <object_component id="oc-45">
         <name>.debug_info</name>
         <load_address>0x8a4c</load_address>
         <run_address>0x8a4c</run_address>
         <size>0x21c</size>
         <alignment>0x0</alignment>
         <input_file_ref idref="fl-f"/>
      </object_component>
      <object_component id="oc-4b">
         <name>.debug_info</name>
         <load_address>0x8c68</load_address>
         <run_address>0x8c68</run_address>
         <size>0x202</size>
         <alignment>0x0</alignment>
         <input_file_ref idref="fl-f"/>
      </object_component>
      <object_component id="oc-51">
         <name>.debug_info</name>
         <load_address>0x8e6a</load_address>
         <run_address>0x8e6a</run_address>
         <size>0x1e8</size>
         <alignment>0x0</alignment>
         <input_file_ref idref="fl-f"/>
      </object_component>
      <object_component id="oc-40">
         <name>.debug_info</name>
         <load_address>0x9052</load_address>
         <run_address>0x9052</run_address>
         <size>0x20c</size>
         <alignment>0x0</alignment>
         <input_file_ref idref="fl-f"/>
      </object_component>
      <object_component id="oc-8a">
         <name>.debug_info</name>
         <load_address>0x925e</load_address>
         <run_address>0x925e</run_address>
         <size>0x2b3</size>
         <alignment>0x0</alignment>
         <input_file_ref idref="fl-f"/>
      </object_component>
      <object_component id="oc-13c">
         <name>.debug_info</name>
         <load_address>0x9511</load_address>
         <run_address>0x9511</run_address>
         <size>0x1f2</size>
         <alignment>0x0</alignment>
         <input_file_ref idref="fl-10"/>
      </object_component>
      <object_component id="oc-12f">
         <name>.debug_info</name>
         <load_address>0x9703</load_address>
         <run_address>0x9703</run_address>
         <size>0x20e</size>
         <alignment>0x0</alignment>
         <input_file_ref idref="fl-10"/>
      </object_component>
      <object_component id="oc-1f8">
         <name>.debug_info</name>
         <load_address>0x9911</load_address>
         <run_address>0x9911</run_address>
         <size>0x1e4</size>
         <alignment>0x0</alignment>
         <input_file_ref idref="fl-10"/>
      </object_component>
      <object_component id="oc-20d">
         <name>.debug_info</name>
         <load_address>0x9af5</load_address>
         <run_address>0x9af5</run_address>
         <size>0x217</size>
         <alignment>0x0</alignment>
         <input_file_ref idref="fl-10"/>
      </object_component>
      <object_component id="oc-1e6">
         <name>.debug_info</name>
         <load_address>0x9d0c</load_address>
         <run_address>0x9d0c</run_address>
         <size>0x244</size>
         <alignment>0x0</alignment>
         <input_file_ref idref="fl-10"/>
      </object_component>
      <object_component id="oc-1ce">
         <name>.debug_info</name>
         <load_address>0x9f50</load_address>
         <run_address>0x9f50</run_address>
         <size>0x242</size>
         <alignment>0x0</alignment>
         <input_file_ref idref="fl-10"/>
      </object_component>
      <object_component id="oc-1d4">
         <name>.debug_info</name>
         <load_address>0xa192</load_address>
         <run_address>0xa192</run_address>
         <size>0x24a</size>
         <alignment>0x0</alignment>
         <input_file_ref idref="fl-10"/>
      </object_component>
      <object_component id="oc-1ec">
         <name>.debug_info</name>
         <load_address>0xa3dc</load_address>
         <run_address>0xa3dc</run_address>
         <size>0x24d</size>
         <alignment>0x0</alignment>
         <input_file_ref idref="fl-10"/>
      </object_component>
      <object_component id="oc-1da">
         <name>.debug_info</name>
         <load_address>0xa629</load_address>
         <run_address>0xa629</run_address>
         <size>0x24e</size>
         <alignment>0x0</alignment>
         <input_file_ref idref="fl-10"/>
      </object_component>
      <object_component id="oc-219">
         <name>.debug_info</name>
         <load_address>0xa877</load_address>
         <run_address>0xa877</run_address>
         <size>0x258</size>
         <alignment>0x0</alignment>
         <input_file_ref idref="fl-10"/>
      </object_component>
      <object_component id="oc-1e0">
         <name>.debug_info</name>
         <load_address>0xaacf</load_address>
         <run_address>0xaacf</run_address>
         <size>0x27c</size>
         <alignment>0x0</alignment>
         <input_file_ref idref="fl-10"/>
      </object_component>
      <object_component id="oc-1f2">
         <name>.debug_info</name>
         <load_address>0xad4b</load_address>
         <run_address>0xad4b</run_address>
         <size>0x241</size>
         <alignment>0x0</alignment>
         <input_file_ref idref="fl-10"/>
      </object_component>
      <object_component id="oc-d5">
         <name>.debug_info</name>
         <load_address>0xaf8c</load_address>
         <run_address>0xaf8c</run_address>
         <size>0x277</size>
         <alignment>0x0</alignment>
         <input_file_ref idref="fl-10"/>
      </object_component>
      <object_component id="oc-cf">
         <name>.debug_info</name>
         <load_address>0xb203</load_address>
         <run_address>0xb203</run_address>
         <size>0x519</size>
         <alignment>0x0</alignment>
         <input_file_ref idref="fl-10"/>
      </object_component>
      <object_component id="oc-19c">
         <name>.debug_info</name>
         <load_address>0xb71c</load_address>
         <run_address>0xb71c</run_address>
         <size>0x3ba</size>
         <alignment>0x0</alignment>
         <input_file_ref idref="fl-10"/>
      </object_component>
      <object_component id="oc-135">
         <name>.debug_info</name>
         <load_address>0xbad6</load_address>
         <run_address>0xbad6</run_address>
         <size>0x243</size>
         <alignment>0x0</alignment>
         <input_file_ref idref="fl-10"/>
      </object_component>
      <object_component id="oc-dc">
         <name>.debug_info</name>
         <load_address>0xbd19</load_address>
         <run_address>0xbd19</run_address>
         <size>0x251</size>
         <alignment>0x0</alignment>
         <input_file_ref idref="fl-10"/>
      </object_component>
      <object_component id="oc-c9">
         <name>.debug_info</name>
         <load_address>0xbf6a</load_address>
         <run_address>0xbf6a</run_address>
         <size>0x241</size>
         <alignment>0x0</alignment>
         <input_file_ref idref="fl-10"/>
      </object_component>
      <object_component id="oc-c1">
         <name>.debug_info</name>
         <load_address>0xc1ab</load_address>
         <run_address>0xc1ab</run_address>
         <size>0x148</size>
         <alignment>0x0</alignment>
         <input_file_ref idref="fl-1c"/>
      </object_component>
      <object_component id="oc-142">
         <name>.debug_info</name>
         <load_address>0xc2f3</load_address>
         <run_address>0xc2f3</run_address>
         <size>0x117</size>
         <alignment>0x0</alignment>
         <input_file_ref idref="fl-1d"/>
      </object_component>
      <object_component id="oc-118">
         <name>.debug_info</name>
         <load_address>0xc40a</load_address>
         <run_address>0xc40a</run_address>
         <size>0x13d</size>
         <alignment>0x0</alignment>
         <input_file_ref idref="fl-1e"/>
      </object_component>
      <object_component id="oc-15e">
         <name>.debug_info</name>
         <load_address>0xc547</load_address>
         <run_address>0xc547</run_address>
         <size>0x1af</size>
         <alignment>0x0</alignment>
         <input_file_ref idref="fl-1f"/>
      </object_component>
      <object_component id="oc-27">
         <name>.debug_info</name>
         <load_address>0xc6f6</load_address>
         <run_address>0xc6f6</run_address>
         <size>0x1a7</size>
         <alignment>0x0</alignment>
         <input_file_ref idref="fl-21"/>
      </object_component>
      <object_component id="oc-21">
         <name>.debug_info</name>
         <load_address>0xc89d</load_address>
         <run_address>0xc89d</run_address>
         <size>0x1fc</size>
         <alignment>0x0</alignment>
         <input_file_ref idref="fl-22"/>
      </object_component>
      <object_component id="oc-190">
         <name>.debug_info</name>
         <load_address>0xca99</load_address>
         <run_address>0xca99</run_address>
         <size>0x18e</size>
         <alignment>0x0</alignment>
         <input_file_ref idref="fl-23"/>
      </object_component>
      <object_component id="oc-125">
         <name>.debug_info</name>
         <load_address>0xcc27</load_address>
         <run_address>0xcc27</run_address>
         <size>0x199</size>
         <alignment>0x0</alignment>
         <input_file_ref idref="fl-23"/>
      </object_component>
      <object_component id="oc-193">
         <name>.debug_info</name>
         <load_address>0xcdc0</load_address>
         <run_address>0xcdc0</run_address>
         <size>0xf7</size>
         <alignment>0x0</alignment>
         <input_file_ref idref="fl-24"/>
      </object_component>
      <object_component id="oc-206">
         <name>.debug_info</name>
         <load_address>0xceb7</load_address>
         <run_address>0xceb7</run_address>
         <size>0xfb</size>
         <alignment>0x0</alignment>
         <input_file_ref idref="fl-24"/>
      </object_component>
      <object_component id="oc-1c2">
         <name>.debug_info</name>
         <load_address>0xcfb2</load_address>
         <run_address>0xcfb2</run_address>
         <size>0x1f3</size>
         <alignment>0x0</alignment>
         <input_file_ref idref="fl-24"/>
      </object_component>
      <object_component id="oc-11f">
         <name>.debug_info</name>
         <load_address>0xd1a5</load_address>
         <run_address>0xd1a5</run_address>
         <size>0x15d</size>
         <alignment>0x0</alignment>
         <input_file_ref idref="fl-25"/>
      </object_component>
      <object_component id="oc-5a">
         <name>.debug_info</name>
         <load_address>0xd302</load_address>
         <run_address>0xd302</run_address>
         <size>0x18b</size>
         <alignment>0x0</alignment>
         <input_file_ref idref="fl-28"/>
      </object_component>
      <object_component id="oc-1a8">
         <name>.debug_info</name>
         <load_address>0xd48d</load_address>
         <run_address>0xd48d</run_address>
         <size>0x137</size>
         <alignment>0x0</alignment>
         <input_file_ref idref="fl-29"/>
      </object_component>
      <object_component id="oc-262">
         <name>.debug_info</name>
         <load_address>0xd5c4</load_address>
         <run_address>0xd5c4</run_address>
         <size>0xb5</size>
         <alignment>0x0</alignment>
      </object_component>
      <object_component id="oc-c7">
         <name>.debug_line</name>
         <load_address>0x0</load_address>
         <run_address>0x0</run_address>
         <size>0x3b</size>
         <alignment>0x0</alignment>
         <input_file_ref idref="fl-1"/>
      </object_component>
      <object_component id="oc-37">
         <name>.debug_line</name>
         <load_address>0x3b</load_address>
         <run_address>0x3b</run_address>
         <size>0x640</size>
         <alignment>0x0</alignment>
         <input_file_ref idref="fl-1"/>
      </object_component>
      <object_component id="oc-3c">
         <name>.debug_line</name>
         <load_address>0x67b</load_address>
         <run_address>0x67b</run_address>
         <size>0xa8</size>
         <alignment>0x0</alignment>
         <input_file_ref idref="fl-1"/>
      </object_component>
      <object_component id="oc-10a">
         <name>.debug_line</name>
         <load_address>0x723</load_address>
         <run_address>0x723</run_address>
         <size>0x229</size>
         <alignment>0x0</alignment>
         <input_file_ref idref="fl-1"/>
      </object_component>
      <object_component id="oc-87">
         <name>.debug_line</name>
         <load_address>0x94c</load_address>
         <run_address>0x94c</run_address>
         <size>0x45d</size>
         <alignment>0x0</alignment>
         <input_file_ref idref="fl-2"/>
      </object_component>
      <object_component id="oc-151">
         <name>.debug_line</name>
         <load_address>0xda9</load_address>
         <run_address>0xda9</run_address>
         <size>0x11d</size>
         <alignment>0x0</alignment>
         <input_file_ref idref="fl-2"/>
      </object_component>
      <object_component id="oc-31">
         <name>.debug_line</name>
         <load_address>0xec6</load_address>
         <run_address>0xec6</run_address>
         <size>0x55</size>
         <alignment>0x0</alignment>
         <input_file_ref idref="fl-4"/>
      </object_component>
      <object_component id="oc-71">
         <name>.debug_line</name>
         <load_address>0xf1b</load_address>
         <run_address>0xf1b</run_address>
         <size>0x5d</size>
         <alignment>0x0</alignment>
         <input_file_ref idref="fl-4"/>
      </object_component>
      <object_component id="oc-14b">
         <name>.debug_line</name>
         <load_address>0xf78</load_address>
         <run_address>0xf78</run_address>
         <size>0x37</size>
         <alignment>0x0</alignment>
         <input_file_ref idref="fl-5"/>
      </object_component>
      <object_component id="oc-7b">
         <name>.debug_line</name>
         <load_address>0xfaf</load_address>
         <run_address>0xfaf</run_address>
         <size>0x421</size>
         <alignment>0x0</alignment>
         <input_file_ref idref="fl-5"/>
      </object_component>
      <object_component id="oc-14d">
         <name>.debug_line</name>
         <load_address>0x13d0</load_address>
         <run_address>0x13d0</run_address>
         <size>0xc9</size>
         <alignment>0x0</alignment>
         <input_file_ref idref="fl-5"/>
      </object_component>
      <object_component id="oc-101">
         <name>.debug_line</name>
         <load_address>0x1499</load_address>
         <run_address>0x1499</run_address>
         <size>0x98</size>
         <alignment>0x0</alignment>
         <input_file_ref idref="fl-e"/>
      </object_component>
      <object_component id="oc-99">
         <name>.debug_line</name>
         <load_address>0x1531</load_address>
         <run_address>0x1531</run_address>
         <size>0xa2</size>
         <alignment>0x0</alignment>
         <input_file_ref idref="fl-e"/>
      </object_component>
      <object_component id="oc-93">
         <name>.debug_line</name>
         <load_address>0x15d3</load_address>
         <run_address>0x15d3</run_address>
         <size>0xb1</size>
         <alignment>0x0</alignment>
         <input_file_ref idref="fl-e"/>
      </object_component>
      <object_component id="oc-a5">
         <name>.debug_line</name>
         <load_address>0x1684</load_address>
         <run_address>0x1684</run_address>
         <size>0x9f</size>
         <alignment>0x0</alignment>
         <input_file_ref idref="fl-e"/>
      </object_component>
      <object_component id="oc-9f">
         <name>.debug_line</name>
         <load_address>0x1723</load_address>
         <run_address>0x1723</run_address>
         <size>0x9f</size>
         <alignment>0x0</alignment>
         <input_file_ref idref="fl-e"/>
      </object_component>
      <object_component id="oc-e5">
         <name>.debug_line</name>
         <load_address>0x17c2</load_address>
         <run_address>0x17c2</run_address>
         <size>0x9f</size>
         <alignment>0x0</alignment>
         <input_file_ref idref="fl-e"/>
      </object_component>
      <object_component id="oc-156">
         <name>.debug_line</name>
         <load_address>0x1861</load_address>
         <run_address>0x1861</run_address>
         <size>0xe4</size>
         <alignment>0x0</alignment>
         <input_file_ref idref="fl-e"/>
      </object_component>
      <object_component id="oc-fa">
         <name>.debug_line</name>
         <load_address>0x1945</load_address>
         <run_address>0x1945</run_address>
         <size>0x9d</size>
         <alignment>0x0</alignment>
         <input_file_ref idref="fl-f"/>
      </object_component>
      <object_component id="oc-f0">
         <name>.debug_line</name>
         <load_address>0x19e2</load_address>
         <run_address>0x19e2</run_address>
         <size>0x9d</size>
         <alignment>0x0</alignment>
         <input_file_ref idref="fl-f"/>
      </object_component>
      <object_component id="oc-81">
         <name>.debug_line</name>
         <load_address>0x1a7f</load_address>
         <run_address>0x1a7f</run_address>
         <size>0xb8</size>
         <alignment>0x0</alignment>
         <input_file_ref idref="fl-f"/>
      </object_component>
      <object_component id="oc-48">
         <name>.debug_line</name>
         <load_address>0x1b37</load_address>
         <run_address>0x1b37</run_address>
         <size>0xa3</size>
         <alignment>0x0</alignment>
         <input_file_ref idref="fl-f"/>
      </object_component>
      <object_component id="oc-4e">
         <name>.debug_line</name>
         <load_address>0x1bda</load_address>
         <run_address>0x1bda</run_address>
         <size>0x9b</size>
         <alignment>0x0</alignment>
         <input_file_ref idref="fl-f"/>
      </object_component>
      <object_component id="oc-54">
         <name>.debug_line</name>
         <load_address>0x1c75</load_address>
         <run_address>0x1c75</run_address>
         <size>0x9b</size>
         <alignment>0x0</alignment>
         <input_file_ref idref="fl-f"/>
      </object_component>
      <object_component id="oc-43">
         <name>.debug_line</name>
         <load_address>0x1d10</load_address>
         <run_address>0x1d10</run_address>
         <size>0xb1</size>
         <alignment>0x0</alignment>
         <input_file_ref idref="fl-f"/>
      </object_component>
      <object_component id="oc-8d">
         <name>.debug_line</name>
         <load_address>0x1dc1</load_address>
         <run_address>0x1dc1</run_address>
         <size>0xb1</size>
         <alignment>0x0</alignment>
         <input_file_ref idref="fl-f"/>
      </object_component>
      <object_component id="oc-10d">
         <name>.debug_line</name>
         <load_address>0x1e72</load_address>
         <run_address>0x1e72</run_address>
         <size>0x21</size>
         <alignment>0x0</alignment>
         <input_file_ref idref="fl-f"/>
      </object_component>
      <object_component id="oc-13f">
         <name>.debug_line</name>
         <load_address>0x1e93</load_address>
         <run_address>0x1e93</run_address>
         <size>0x9d</size>
         <alignment>0x0</alignment>
         <input_file_ref idref="fl-10"/>
      </object_component>
      <object_component id="oc-132">
         <name>.debug_line</name>
         <load_address>0x1f30</load_address>
         <run_address>0x1f30</run_address>
         <size>0x9a</size>
         <alignment>0x0</alignment>
         <input_file_ref idref="fl-10"/>
      </object_component>
      <object_component id="oc-1fb">
         <name>.debug_line</name>
         <load_address>0x1fca</load_address>
         <run_address>0x1fca</run_address>
         <size>0x9c</size>
         <alignment>0x0</alignment>
         <input_file_ref idref="fl-10"/>
      </object_component>
      <object_component id="oc-210">
         <name>.debug_line</name>
         <load_address>0x2066</load_address>
         <run_address>0x2066</run_address>
         <size>0x9c</size>
         <alignment>0x0</alignment>
         <input_file_ref idref="fl-10"/>
      </object_component>
      <object_component id="oc-1e9">
         <name>.debug_line</name>
         <load_address>0x2102</load_address>
         <run_address>0x2102</run_address>
         <size>0x9d</size>
         <alignment>0x0</alignment>
         <input_file_ref idref="fl-10"/>
      </object_component>
      <object_component id="oc-1d1">
         <name>.debug_line</name>
         <load_address>0x219f</load_address>
         <run_address>0x219f</run_address>
         <size>0x9d</size>
         <alignment>0x0</alignment>
         <input_file_ref idref="fl-10"/>
      </object_component>
      <object_component id="oc-1d7">
         <name>.debug_line</name>
         <load_address>0x223c</load_address>
         <run_address>0x223c</run_address>
         <size>0xa1</size>
         <alignment>0x0</alignment>
         <input_file_ref idref="fl-10"/>
      </object_component>
      <object_component id="oc-1ef">
         <name>.debug_line</name>
         <load_address>0x22dd</load_address>
         <run_address>0x22dd</run_address>
         <size>0xa2</size>
         <alignment>0x0</alignment>
         <input_file_ref idref="fl-10"/>
      </object_component>
      <object_component id="oc-1dd">
         <name>.debug_line</name>
         <load_address>0x237f</load_address>
         <run_address>0x237f</run_address>
         <size>0x9d</size>
         <alignment>0x0</alignment>
         <input_file_ref idref="fl-10"/>
      </object_component>
      <object_component id="oc-21c">
         <name>.debug_line</name>
         <load_address>0x241c</load_address>
         <run_address>0x241c</run_address>
         <size>0x9d</size>
         <alignment>0x0</alignment>
         <input_file_ref idref="fl-10"/>
      </object_component>
      <object_component id="oc-1e3">
         <name>.debug_line</name>
         <load_address>0x24b9</load_address>
         <run_address>0x24b9</run_address>
         <size>0xa7</size>
         <alignment>0x0</alignment>
         <input_file_ref idref="fl-10"/>
      </object_component>
      <object_component id="oc-1f5">
         <name>.debug_line</name>
         <load_address>0x2560</load_address>
         <run_address>0x2560</run_address>
         <size>0xa1</size>
         <alignment>0x0</alignment>
         <input_file_ref idref="fl-10"/>
      </object_component>
      <object_component id="oc-d8">
         <name>.debug_line</name>
         <load_address>0x2601</load_address>
         <run_address>0x2601</run_address>
         <size>0xb4</size>
         <alignment>0x0</alignment>
         <input_file_ref idref="fl-10"/>
      </object_component>
      <object_component id="oc-d2">
         <name>.debug_line</name>
         <load_address>0x26b5</load_address>
         <run_address>0x26b5</run_address>
         <size>0x19e</size>
         <alignment>0x0</alignment>
         <input_file_ref idref="fl-10"/>
      </object_component>
      <object_component id="oc-19f">
         <name>.debug_line</name>
         <load_address>0x2853</load_address>
         <run_address>0x2853</run_address>
         <size>0xd2</size>
         <alignment>0x0</alignment>
         <input_file_ref idref="fl-10"/>
      </object_component>
      <object_component id="oc-138">
         <name>.debug_line</name>
         <load_address>0x2925</load_address>
         <run_address>0x2925</run_address>
         <size>0xbe</size>
         <alignment>0x0</alignment>
         <input_file_ref idref="fl-10"/>
      </object_component>
      <object_component id="oc-df">
         <name>.debug_line</name>
         <load_address>0x29e3</load_address>
         <run_address>0x29e3</run_address>
         <size>0xa1</size>
         <alignment>0x0</alignment>
         <input_file_ref idref="fl-10"/>
      </object_component>
      <object_component id="oc-cc">
         <name>.debug_line</name>
         <load_address>0x2a84</load_address>
         <run_address>0x2a84</run_address>
         <size>0xc7</size>
         <alignment>0x0</alignment>
         <input_file_ref idref="fl-10"/>
      </object_component>
      <object_component id="oc-198">
         <name>.debug_line</name>
         <load_address>0x2b4b</load_address>
         <run_address>0x2b4b</run_address>
         <size>0x14b</size>
         <alignment>0x0</alignment>
         <input_file_ref idref="fl-10"/>
      </object_component>
      <object_component id="oc-c4">
         <name>.debug_line</name>
         <load_address>0x2c96</load_address>
         <run_address>0x2c96</run_address>
         <size>0x4f</size>
         <alignment>0x0</alignment>
         <input_file_ref idref="fl-1c"/>
      </object_component>
      <object_component id="oc-145">
         <name>.debug_line</name>
         <load_address>0x2ce5</load_address>
         <run_address>0x2ce5</run_address>
         <size>0xae</size>
         <alignment>0x0</alignment>
         <input_file_ref idref="fl-1d"/>
      </object_component>
      <object_component id="oc-11b">
         <name>.debug_line</name>
         <load_address>0x2d93</load_address>
         <run_address>0x2d93</run_address>
         <size>0x3f</size>
         <alignment>0x0</alignment>
         <input_file_ref idref="fl-1e"/>
      </object_component>
      <object_component id="oc-1a5">
         <name>.debug_line</name>
         <load_address>0x2dd2</load_address>
         <run_address>0x2dd2</run_address>
         <size>0x21</size>
         <alignment>0x0</alignment>
         <input_file_ref idref="fl-1e"/>
      </object_component>
      <object_component id="oc-161">
         <name>.debug_line</name>
         <load_address>0x2df3</load_address>
         <run_address>0x2df3</run_address>
         <size>0x74</size>
         <alignment>0x0</alignment>
         <input_file_ref idref="fl-1f"/>
      </object_component>
      <object_component id="oc-201">
         <name>.debug_line</name>
         <load_address>0x2e67</load_address>
         <run_address>0x2e67</run_address>
         <size>0x21</size>
         <alignment>0x0</alignment>
         <input_file_ref idref="fl-1f"/>
      </object_component>
      <object_component id="oc-2a">
         <name>.debug_line</name>
         <load_address>0x2e88</load_address>
         <run_address>0x2e88</run_address>
         <size>0x57</size>
         <alignment>0x0</alignment>
         <input_file_ref idref="fl-21"/>
      </object_component>
      <object_component id="oc-b5">
         <name>.debug_line</name>
         <load_address>0x2edf</load_address>
         <run_address>0x2edf</run_address>
         <size>0x21</size>
         <alignment>0x0</alignment>
         <input_file_ref idref="fl-21"/>
      </object_component>
      <object_component id="oc-24">
         <name>.debug_line</name>
         <load_address>0x2f00</load_address>
         <run_address>0x2f00</run_address>
         <size>0x9a</size>
         <alignment>0x0</alignment>
         <input_file_ref idref="fl-22"/>
      </object_component>
      <object_component id="oc-b0">
         <name>.debug_line</name>
         <load_address>0x2f9a</load_address>
         <run_address>0x2f9a</run_address>
         <size>0x21</size>
         <alignment>0x0</alignment>
         <input_file_ref idref="fl-22"/>
      </object_component>
      <object_component id="oc-1c0">
         <name>.debug_line</name>
         <load_address>0x2fbb</load_address>
         <run_address>0x2fbb</run_address>
         <size>0x2b</size>
         <alignment>0x0</alignment>
         <input_file_ref idref="fl-23"/>
      </object_component>
      <object_component id="oc-128">
         <name>.debug_line</name>
         <load_address>0x2fe6</load_address>
         <run_address>0x2fe6</run_address>
         <size>0x66</size>
         <alignment>0x0</alignment>
         <input_file_ref idref="fl-23"/>
      </object_component>
      <object_component id="oc-1cb">
         <name>.debug_line</name>
         <load_address>0x304c</load_address>
         <run_address>0x304c</run_address>
         <size>0x21</size>
         <alignment>0x0</alignment>
         <input_file_ref idref="fl-23"/>
      </object_component>
      <object_component id="oc-1c8">
         <name>.debug_line</name>
         <load_address>0x306d</load_address>
         <run_address>0x306d</run_address>
         <size>0x2c</size>
         <alignment>0x0</alignment>
         <input_file_ref idref="fl-24"/>
      </object_component>
      <object_component id="oc-227">
         <name>.debug_line</name>
         <load_address>0x3099</load_address>
         <run_address>0x3099</run_address>
         <size>0x2c</size>
         <alignment>0x0</alignment>
         <input_file_ref idref="fl-24"/>
      </object_component>
      <object_component id="oc-1c5">
         <name>.debug_line</name>
         <load_address>0x30c5</load_address>
         <run_address>0x30c5</run_address>
         <size>0x5f</size>
         <alignment>0x0</alignment>
         <input_file_ref idref="fl-24"/>
      </object_component>
      <object_component id="oc-20a">
         <name>.debug_line</name>
         <load_address>0x3124</load_address>
         <run_address>0x3124</run_address>
         <size>0x21</size>
         <alignment>0x0</alignment>
         <input_file_ref idref="fl-24"/>
      </object_component>
      <object_component id="oc-122">
         <name>.debug_line</name>
         <load_address>0x3145</load_address>
         <run_address>0x3145</run_address>
         <size>0x50</size>
         <alignment>0x0</alignment>
         <input_file_ref idref="fl-25"/>
      </object_component>
      <object_component id="oc-1bd">
         <name>.debug_line</name>
         <load_address>0x3195</load_address>
         <run_address>0x3195</run_address>
         <size>0x30</size>
         <alignment>0x0</alignment>
         <input_file_ref idref="fl-25"/>
      </object_component>
      <object_component id="oc-5d">
         <name>.debug_line</name>
         <load_address>0x31c5</load_address>
         <run_address>0x31c5</run_address>
         <size>0x57</size>
         <alignment>0x0</alignment>
         <input_file_ref idref="fl-28"/>
      </object_component>
      <object_component id="oc-110">
         <name>.debug_line</name>
         <load_address>0x321c</load_address>
         <run_address>0x321c</run_address>
         <size>0x21</size>
         <alignment>0x0</alignment>
         <input_file_ref idref="fl-28"/>
      </object_component>
      <object_component id="oc-1ab">
         <name>.debug_line</name>
         <load_address>0x323d</load_address>
         <run_address>0x323d</run_address>
         <size>0x3b</size>
         <alignment>0x0</alignment>
         <input_file_ref idref="fl-29"/>
      </object_component>
      <object_component id="oc-221">
         <name>.debug_line</name>
         <load_address>0x3278</load_address>
         <run_address>0x3278</run_address>
         <size>0x21</size>
         <alignment>0x0</alignment>
         <input_file_ref idref="fl-29"/>
      </object_component>
      <object_component id="oc-38">
         <name>.debug_frame</name>
         <load_address>0x0</load_address>
         <run_address>0x0</run_address>
         <size>0x410</size>
         <alignment>0x4</alignment>
         <input_file_ref idref="fl-1"/>
      </object_component>
      <object_component id="oc-3d">
         <name>.debug_frame</name>
         <load_address>0x410</load_address>
         <run_address>0x410</run_address>
         <size>0xb4</size>
         <alignment>0x4</alignment>
         <input_file_ref idref="fl-1"/>
      </object_component>
      <object_component id="oc-88">
         <name>.debug_frame</name>
         <load_address>0x4c4</load_address>
         <run_address>0x4c4</run_address>
         <size>0x330</size>
         <alignment>0x4</alignment>
         <input_file_ref idref="fl-2"/>
      </object_component>
      <object_component id="oc-7c">
         <name>.debug_frame</name>
         <load_address>0x7f4</load_address>
         <run_address>0x7f4</run_address>
         <size>0x230</size>
         <alignment>0x4</alignment>
         <input_file_ref idref="fl-5"/>
      </object_component>
      <object_component id="oc-102">
         <name>.debug_frame</name>
         <load_address>0xa24</load_address>
         <run_address>0xa24</run_address>
         <size>0x44</size>
         <alignment>0x4</alignment>
         <input_file_ref idref="fl-e"/>
      </object_component>
      <object_component id="oc-9a">
         <name>.debug_frame</name>
         <load_address>0xa68</load_address>
         <run_address>0xa68</run_address>
         <size>0x44</size>
         <alignment>0x4</alignment>
         <input_file_ref idref="fl-e"/>
      </object_component>
      <object_component id="oc-94">
         <name>.debug_frame</name>
         <load_address>0xaac</load_address>
         <run_address>0xaac</run_address>
         <size>0x44</size>
         <alignment>0x4</alignment>
         <input_file_ref idref="fl-e"/>
      </object_component>
      <object_component id="oc-a6">
         <name>.debug_frame</name>
         <load_address>0xaf0</load_address>
         <run_address>0xaf0</run_address>
         <size>0x44</size>
         <alignment>0x4</alignment>
         <input_file_ref idref="fl-e"/>
      </object_component>
      <object_component id="oc-a0">
         <name>.debug_frame</name>
         <load_address>0xb34</load_address>
         <run_address>0xb34</run_address>
         <size>0x44</size>
         <alignment>0x4</alignment>
         <input_file_ref idref="fl-e"/>
      </object_component>
      <object_component id="oc-e6">
         <name>.debug_frame</name>
         <load_address>0xb78</load_address>
         <run_address>0xb78</run_address>
         <size>0x44</size>
         <alignment>0x4</alignment>
         <input_file_ref idref="fl-e"/>
      </object_component>
      <object_component id="oc-fb">
         <name>.debug_frame</name>
         <load_address>0xbbc</load_address>
         <run_address>0xbbc</run_address>
         <size>0x40</size>
         <alignment>0x4</alignment>
         <input_file_ref idref="fl-f"/>
      </object_component>
      <object_component id="oc-f1">
         <name>.debug_frame</name>
         <load_address>0xbfc</load_address>
         <run_address>0xbfc</run_address>
         <size>0x40</size>
         <alignment>0x4</alignment>
         <input_file_ref idref="fl-f"/>
      </object_component>
      <object_component id="oc-82">
         <name>.debug_frame</name>
         <load_address>0xc3c</load_address>
         <run_address>0xc3c</run_address>
         <size>0x40</size>
         <alignment>0x4</alignment>
         <input_file_ref idref="fl-f"/>
      </object_component>
      <object_component id="oc-49">
         <name>.debug_frame</name>
         <load_address>0xc7c</load_address>
         <run_address>0xc7c</run_address>
         <size>0x4c</size>
         <alignment>0x4</alignment>
         <input_file_ref idref="fl-f"/>
      </object_component>
      <object_component id="oc-4f">
         <name>.debug_frame</name>
         <load_address>0xcc8</load_address>
         <run_address>0xcc8</run_address>
         <size>0x48</size>
         <alignment>0x4</alignment>
         <input_file_ref idref="fl-f"/>
      </object_component>
      <object_component id="oc-55">
         <name>.debug_frame</name>
         <load_address>0xd10</load_address>
         <run_address>0xd10</run_address>
         <size>0x48</size>
         <alignment>0x4</alignment>
         <input_file_ref idref="fl-f"/>
      </object_component>
      <object_component id="oc-44">
         <name>.debug_frame</name>
         <load_address>0xd58</load_address>
         <run_address>0xd58</run_address>
         <size>0x44</size>
         <alignment>0x4</alignment>
         <input_file_ref idref="fl-f"/>
      </object_component>
      <object_component id="oc-8e">
         <name>.debug_frame</name>
         <load_address>0xd9c</load_address>
         <run_address>0xd9c</run_address>
         <size>0x44</size>
         <alignment>0x4</alignment>
         <input_file_ref idref="fl-f"/>
      </object_component>
      <object_component id="oc-140">
         <name>.debug_frame</name>
         <load_address>0xde0</load_address>
         <run_address>0xde0</run_address>
         <size>0x40</size>
         <alignment>0x4</alignment>
         <input_file_ref idref="fl-10"/>
      </object_component>
      <object_component id="oc-133">
         <name>.debug_frame</name>
         <load_address>0xe20</load_address>
         <run_address>0xe20</run_address>
         <size>0x40</size>
         <alignment>0x4</alignment>
         <input_file_ref idref="fl-10"/>
      </object_component>
      <object_component id="oc-1fc">
         <name>.debug_frame</name>
         <load_address>0xe60</load_address>
         <run_address>0xe60</run_address>
         <size>0x40</size>
         <alignment>0x4</alignment>
         <input_file_ref idref="fl-10"/>
      </object_component>
      <object_component id="oc-211">
         <name>.debug_frame</name>
         <load_address>0xea0</load_address>
         <run_address>0xea0</run_address>
         <size>0x44</size>
         <alignment>0x4</alignment>
         <input_file_ref idref="fl-10"/>
      </object_component>
      <object_component id="oc-1ea">
         <name>.debug_frame</name>
         <load_address>0xee4</load_address>
         <run_address>0xee4</run_address>
         <size>0x44</size>
         <alignment>0x4</alignment>
         <input_file_ref idref="fl-10"/>
      </object_component>
      <object_component id="oc-1d2">
         <name>.debug_frame</name>
         <load_address>0xf28</load_address>
         <run_address>0xf28</run_address>
         <size>0x44</size>
         <alignment>0x4</alignment>
         <input_file_ref idref="fl-10"/>
      </object_component>
      <object_component id="oc-1d8">
         <name>.debug_frame</name>
         <load_address>0xf6c</load_address>
         <run_address>0xf6c</run_address>
         <size>0x44</size>
         <alignment>0x4</alignment>
         <input_file_ref idref="fl-10"/>
      </object_component>
      <object_component id="oc-1f0">
         <name>.debug_frame</name>
         <load_address>0xfb0</load_address>
         <run_address>0xfb0</run_address>
         <size>0x44</size>
         <alignment>0x4</alignment>
         <input_file_ref idref="fl-10"/>
      </object_component>
      <object_component id="oc-1de">
         <name>.debug_frame</name>
         <load_address>0xff4</load_address>
         <run_address>0xff4</run_address>
         <size>0x44</size>
         <alignment>0x4</alignment>
         <input_file_ref idref="fl-10"/>
      </object_component>
      <object_component id="oc-21d">
         <name>.debug_frame</name>
         <load_address>0x1038</load_address>
         <run_address>0x1038</run_address>
         <size>0x44</size>
         <alignment>0x4</alignment>
         <input_file_ref idref="fl-10"/>
      </object_component>
      <object_component id="oc-1e4">
         <name>.debug_frame</name>
         <load_address>0x107c</load_address>
         <run_address>0x107c</run_address>
         <size>0x44</size>
         <alignment>0x4</alignment>
         <input_file_ref idref="fl-10"/>
      </object_component>
      <object_component id="oc-1f6">
         <name>.debug_frame</name>
         <load_address>0x10c0</load_address>
         <run_address>0x10c0</run_address>
         <size>0x40</size>
         <alignment>0x4</alignment>
         <input_file_ref idref="fl-10"/>
      </object_component>
      <object_component id="oc-d9">
         <name>.debug_frame</name>
         <load_address>0x1100</load_address>
         <run_address>0x1100</run_address>
         <size>0x44</size>
         <alignment>0x4</alignment>
         <input_file_ref idref="fl-10"/>
      </object_component>
      <object_component id="oc-d3">
         <name>.debug_frame</name>
         <load_address>0x1144</load_address>
         <run_address>0x1144</run_address>
         <size>0x50</size>
         <alignment>0x4</alignment>
         <input_file_ref idref="fl-10"/>
      </object_component>
[...]
         <usage_details>
         </usage_details>
      </memory_area>
      <memory_area display="yes" color="green">
         <name>RAMGS2</name>
         <page_id>0x1</page_id>
         <origin>0xe000</origin>
         <length>0x1000</length>
         <used_space>0x0</used_space>
         <unused_space>0x1000</unused_space>
         <attributes>RWIX</attributes>
         <usage_details>
         </usage_details>
      </memory_area>
      <memory_area display="yes" color="green">
         <name>RAMGS3</name>
         <page_id>0x1</page_id>
         <origin>0xf000</origin>
         <length>0x1000</length>
         <used_space>0x0</used_space>
         <unused_space>0x1000</unused_space>
         <attributes>RWIX</attributes>
         <usage_details>
         </usage_details>
      </memory_area>
      <memory_area display="yes" color="green">
         <name>RAMGS4</name>
         <page_id>0x1</page_id>
         <origin>0x10000</origin>
         <length>0x1000</length>
         <used_space>0x0</used_space>
         <unused_space>0x1000</unused_space>
         <attributes>RWIX</attributes>
         <usage_details>
         </usage_details>
      </memory_area>
      <memory_area display="yes" color="green">
         <name>RAMGS5</name>
         <page_id>0x1</page_id>
         <origin>0x11000</origin>
         <length>0x1000</length>
         <used_space>0x0</used_space>
         <unused_space>0x1000</unused_space>
         <attributes>RWIX</attributes>
         <usage_details>
         </usage_details>
      </memory_area>
      <memory_area display="yes" color="green">
         <name>RAMGS6</name>
         <page_id>0x1</page_id>
         <origin>0x12000</origin>
         <length>0x1000</length>
         <used_space>0x0</used_space>
         <unused_space>0x1000</unused_space>
         <attributes>RWIX</attributes>
         <usage_details>
         </usage_details>
      </memory_area>
      <memory_area display="yes" color="green">
         <name>RAMGS7</name>
         <page_id>0x1</page_id>
         <origin>0x13000</origin>
         <length>0x1000</length>
         <used_space>0x0</used_space>
         <unused_space>0x1000</unused_space>
         <attributes>RWIX</attributes>
         <usage_details>
         </usage_details>
      </memory_area>
      <memory_area display="yes" color="green">
         <name>RAMGS8</name>
         <page_id>0x1</page_id>
         <origin>0x14000</origin>
         <length>0x1000</length>
         <used_space>0x0</used_space>
         <unused_space>0x1000</unused_space>
         <attributes>RWIX</attributes>
         <usage_details>
         </usage_details>
      </memory_area>
      <memory_area display="yes" color="green">
         <name>RAMGS9</name>
         <page_id>0x1</page_id>
         <origin>0x15000</origin>
         <length>0x1000</length>
         <used_space>0x0</used_space>
         <unused_space>0x1000</unused_space>
         <attributes>RWIX</attributes>
         <usage_details>
         </usage_details>
      </memory_area>
      <memory_area display="yes" color="green">
         <name>RAMGS10</name>
         <page_id>0x1</page_id>
         <origin>0x16000</origin>
         <length>0x1000</length>
         <used_space>0x0</used_space>
         <unused_space>0x1000</unused_space>
         <attributes>RWIX</attributes>
         <usage_details>
         </usage_details>
      </memory_area>
      <memory_area display="yes" color="green">
         <name>RAMGS11</name>
         <page_id>0x1</page_id>
         <origin>0x17000</origin>
         <length>0x1000</length>
         <used_space>0x0</used_space>
         <unused_space>0x1000</unused_space>
         <attributes>RWIX</attributes>
         <usage_details>
         </usage_details>
      </memory_area>
      <memory_area display="yes" color="green">
         <name>RAMGS12</name>
         <page_id>0x1</page_id>
         <origin>0x18000</origin>
         <length>0x1000</length>
         <used_space>0x0</used_space>
         <unused_space>0x1000</unused_space>
         <attributes>RWIX</attributes>
         <usage_details>
         </usage_details>
      </memory_area>
      <memory_area display="yes" color="green">
         <name>RAMGS13</name>
         <page_id>0x1</page_id>
         <origin>0x19000</origin>
         <length>0x1000</length>
         <used_space>0x0</used_space>
         <unused_space>0x1000</unused_space>
         <attributes>RWIX</attributes>
         <usage_details>
         </usage_details>
      </memory_area>
      <memory_area display="yes" color="green">
         <name>RAMGS14</name>
         <page_id>0x1</page_id>
         <origin>0x1a000</origin>
         <length>0x1000</length>
         <used_space>0x0</used_space>
         <unused_space>0x1000</unused_space>
         <attributes>RWIX</attributes>
         <usage_details>
         </usage_details>
      </memory_area>
      <memory_area display="yes" color="green">
         <name>RAMGS15</name>
         <page_id>0x1</page_id>
         <origin>0x1b000</origin>
         <length>0xff8</length>
         <used_space>0x0</used_space>
         <unused_space>0xff8</unused_space>
         <attributes>RWIX</attributes>
         <usage_details>
         </usage_details>
      </memory_area>
      <memory_area display="yes" color="green">
         <name>CPU2TOCPU1RAM</name>
         <page_id>0x1</page_id>
         <origin>0x3f800</origin>
         <length>0x400</length>
         <used_space>0x0</used_space>
         <unused_space>0x400</unused_space>
         <attributes>RWIX</attributes>
         <usage_details>
         </usage_details>
      </memory_area>
      <memory_area display="yes" color="green">
         <name>CPU1TOCPU2RAM</name>
         <page_id>0x1</page_id>
         <origin>0x3fc00</origin>
         <length>0x400</length>
         <used_space>0x0</used_space>
         <unused_space>0x400</unused_space>
         <attributes>RWIX</attributes>
         <usage_details>
         </usage_details>
      </memory_area>
      <memory_area display="yes" color="green">
         <name>CANA_MSG_RAM</name>
         <page_id>0x1</page_id>
         <origin>0x49000</origin>
         <length>0x800</length>
         <used_space>0x0</used_space>
         <unused_space>0x800</unused_space>
         <attributes>RWIX</attributes>
         <usage_details>
         </usage_details>
      </memory_area>
      <memory_area display="yes" color="green">
         <name>CANB_MSG_RAM</name>
         <page_id>0x1</page_id>
         <origin>0x4b000</origin>
         <length>0x800</length>
         <used_space>0x0</used_space>
         <unused_space>0x800</unused_space>
         <attributes>RWIX</attributes>
         <usage_details>
         </usage_details>
      </memory_area>
   </placement_map>
   <cptbl_list>
      <cptbl>
         <name>__TI_cinit_table</name>
         <cprec>
            <name>.data</name>
            <load_address>0x128</load_address>
            <load_size>0x9</load_size>
            <run_address>0xaad6</run_address>
            <run_size>0x1e</run_size>
            <compression>lzss</compression>
         </cprec>
      </cptbl>
   </cptbl_list>
   <handler_table>
      <handler_table_name>__TI_handler_table</handler_table_name>
      <handler>
         <index>0x0</index>
         <name>__TI_decompress_lzss</name>
      </handler>
      <handler>
         <index>0x1</index>
         <name>__TI_decompress_none</name>
      </handler>
   </handler_table>
   <symbol_table>
      <symbol id="sm-1">
         <name>__TI_CINIT_Base</name>
         <value>0x136</value>
      </symbol>
      <symbol id="sm-2">
         <name>__TI_CINIT_Limit</name>
         <value>0x13a</value>
      </symbol>
      <symbol id="sm-3">
         <name>__TI_CINIT_Warm</name>
         <value>0x13a</value>
      </symbol>
      <symbol id="sm-4">
         <name>__TI_Handler_Table_Base</name>
         <value>0x132</value>
      </symbol>
      <symbol id="sm-5">
         <name>__TI_Handler_Table_Limit</name>
         <value>0x136</value>
      </symbol>
      <symbol id="sm-6">
         <name>__TI_STACK_SIZE</name>
         <value>0x3f8</value>
      </symbol>
      <symbol id="sm-7">
         <name>__TI_STACK_END</name>
         <value>0x7f8</value>
      </symbol>
      <symbol id="sm-8">
         <name>__c_args__</name>
         <value>0xffffffff</value>
      </symbol>
      <symbol id="sm-9">
         <name>__TI_pprof_out_hndl</name>
         <value>0xffffffff</value>
      </symbol>
      <symbol id="sm-a">
         <name>__TI_prof_data_start</name>
         <value>0xffffffff</value>
      </symbol>
      <symbol id="sm-b">
         <name>__TI_prof_data_size</name>
         <value>0xffffffff</value>
      </symbol>
      <symbol id="sm-a8">
         <name>g_cycBootStart</name>
         <value>0xaad8</value>
         <object_component_ref idref="oc-73"/>
      </symbol>
      <symbol id="sm-a9">
         <name>g_cycBootEnd</name>
         <value>0xaada</value>
         <object_component_ref idref="oc-73"/>
      </symbol>
      <symbol id="sm-aa">
         <name>main</name>
         <value>0x831c</value>
         <object_component_ref idref="oc-33"/>
      </symbol>
      <symbol id="sm-ab">
         <name>g_cycP2End</name>
         <value>0xaae2</value>
         <object_component_ref idref="oc-73"/>
      </symbol>
      <symbol id="sm-ac">
         <name>epwm1ISR</name>
         <value>0xb69f</value>
         <object_component_ref idref="oc-32"/>
      </symbol>
      <symbol id="sm-ad">
         <name>g_cycP2Start</name>
         <value>0xaae0</value>
         <object_component_ref idref="oc-73"/>
      </symbol>
      <symbol id="sm-ae">
         <name>g_cycP1Start</name>
         <value>0xaadc</value>
         <object_component_ref idref="oc-73"/>
      </symbol>
      <symbol id="sm-af">
         <name>g_dptState</name>
         <value>0xaad6</value>
         <object_component_ref idref="oc-73"/>
      </symbol>
      <symbol id="sm-b0">
         <name>g_cycP1End</name>
         <value>0xaade</value>
         <object_component_ref idref="oc-73"/>
      </symbol>
      <symbol id="sm-f8">
         <name>PinMux_init</name>
         <value>0xb2c0</value>
         <object_component_ref idref="oc-83"/>
      </symbol>
      <symbol id="sm-f9">
         <name>Board_init</name>
         <value>0xb2b5</value>
         <object_component_ref idref="oc-83"/>
      </symbol>
      <symbol id="sm-fa">
         <name>GPIO_init</name>
         <value>0xb461</value>
         <object_component_ref idref="oc-83"/>
      </symbol>
      <symbol id="sm-fb">
         <name>DPT_PROBE_init</name>
         <value>0xb464</value>
         <object_component_ref idref="oc-83"/>
      </symbol>
      <symbol id="sm-fc">
         <name>SYNC_init</name>
         <value>0xb478</value>
         <object_component_ref idref="oc-83"/>
      </symbol>
      <symbol id="sm-fd">
         <name>EPWM_init</name>
         <value>0xb2e3</value>
         <object_component_ref idref="oc-83"/>
      </symbol>
      <symbol id="sm-10d">
         <name>code_start</name>
         <value>0x0</value>
         <object_component_ref idref="oc-2d"/>
      </symbol>
      <symbol id="sm-13f">
         <name>Device_enableAllPeripherals</name>
         <value>0x88f0</value>
         <object_component_ref idref="oc-77"/>
      </symbol>
      <symbol id="sm-140">
         <name>Device_initGPIO</name>
         <value>0x89db</value>
         <object_component_ref idref="oc-77"/>
      </symbol>
      <symbol id="sm-141">
         <name>Example_Fail</name>
         <value>0xaae8</value>
         <object_component_ref idref="oc-e7"/>
      </symbol>
      <symbol id="sm-142">
         <name>Example_setResultFail</name>
         <value>0x8bf9</value>
         <object_component_ref idref="oc-77"/>
      </symbol>
      <symbol id="sm-143">
         <name>Device_bootCPU2</name>
         <value>0x8a73</value>
         <object_component_ref idref="oc-77"/>
      </symbol>
      <symbol id="sm-144">
         <name>Device_init</name>
         <value>0x88ae</value>
         <object_component_ref idref="oc-77"/>
      </symbol>
      <symbol id="sm-145">
         <name>Example_Result</name>
         <value>0xaae4</value>
         <object_component_ref idref="oc-e7"/>
      </symbol>
      <symbol id="sm-146">
         <name>Device_enableUnbondedGPIOPullups</name>
         <value>0x8a2c</value>
         <object_component_ref idref="oc-77"/>
      </symbol>
      <symbol id="sm-147">
         <name>__error__</name>
         <value>0x8bed</value>
         <object_component_ref idref="oc-77"/>
      </symbol>
      <symbol id="sm-148">
         <name>Example_setResultPass</name>
         <value>0x8bf4</value>
         <object_component_ref idref="oc-77"/>
      </symbol>
      <symbol id="sm-149">
         <name>Device_configureTMXAnalogTrim</name>
         <value>0x8a42</value>
         <object_component_ref idref="oc-77"/>
      </symbol>
      <symbol id="sm-14a">
         <name>Device_enableUnbondedGPIOPullupsFor176Pin</name>
         <value>0x89fc</value>
         <object_component_ref idref="oc-77"/>
      </symbol>
      <symbol id="sm-14b">
         <name>Example_done</name>
         <value>0x8bfe</value>
         <object_component_ref idref="oc-77"/>
      </symbol>
      <symbol id="sm-14c">
         <name>Example_PassCount</name>
         <value>0xaae6</value>
         <object_component_ref idref="oc-e7"/>
      </symbol>
      <symbol id="sm-14d">
         <name>Device_enableUnbondedGPIOPullupsFor100Pin</name>
         <value>0x8a0f</value>
         <object_component_ref idref="oc-77"/>
      </symbol>
      <symbol id="sm-18f">
         <name>GPIO_setQualificationMode</name>
         <value>0x8738</value>
         <object_component_ref idref="oc-a1"/>
      </symbol>
      <symbol id="sm-190">
         <name>GPIO_setPadConfig</name>
         <value>0xb7a7</value>
         <object_component_ref idref="oc-8f"/>
      </symbol>
      <symbol id="sm-191">
         <name>GPIO_setDirectionMode</name>
         <value>0x87a6</value>
         <object_component_ref idref="oc-95"/>
      </symbol>
      <symbol id="sm-192">
         <name>GPIO_setPinConfig</name>
         <value>0x8701</value>
         <object_component_ref idref="oc-e1"/>
      </symbol>
      <symbol id="sm-193">
         <name>GPIO_setControllerCore</name>
         <value>0x86ca</value>
         <object_component_ref idref="oc-9b"/>
      </symbol>
      <symbol id="sm-1e2">
         <name>Interrupt_defaultHandler</name>
         <value>0x8d3f</value>
         <object_component_ref idref="oc-3e"/>
      </symbol>
      <symbol id="sm-1e3">
         <name>Interrupt_initModule</name>
         <value>0x868d</value>
         <object_component_ref idref="oc-7d"/>
      </symbol>
      <symbol id="sm-1e4">
         <name>Interrupt_nmiHandler</name>
         <value>0x8dfc</value>
         <object_component_ref idref="oc-50"/>
      </symbol>
      <symbol id="sm-1e5">
         <name>Interrupt_enable</name>
         <value>0x876f</value>
         <object_component_ref idref="oc-89"/>
      </symbol>
      <symbol id="sm-1e6">
         <name>Interrupt_initVectorTable</name>
         <value>0x8cbf</value>
         <object_component_ref idref="oc-3f"/>
      </symbol>
      <symbol id="sm-1e7">
         <name>Interrupt_illegalOperationHandler</name>
         <value>0x8df2</value>
         <object_component_ref idref="oc-4a"/>
      </symbol>
      <symbol id="sm-2c0">
         <name>SysCtl_delay</name>
         <value>0x123</value>
         <object_component_ref idref="oc-13a"/>
      </symbol>
      <symbol id="sm-2c1">
         <name>SysCtl_getDeviceParametric</name>
         <value>0x858c</value>
         <object_component_ref idref="oc-c8"/>
      </symbol>
      <symbol id="sm-2c2">
         <name>SysCtl_selectXTAL</name>
         <value>0x8474</value>
         <object_component_ref idref="oc-19b"/>
      </symbol>
      <symbol id="sm-2c3">
         <name>SysCtl_selectOscSource</name>
         <value>0x8645</value>
         <object_component_ref idref="oc-134"/>
      </symbol>
      <symbol id="sm-2c4">
         <name>SysCtl_getLowSpeedClock</name>
         <value>0x8cf7</value>
         <object_component_ref idref="oc-db"/>
      </symbol>
      <symbol id="sm-2c5">
         <name>SysCtl_setClock</name>
         <value>0xb496</value>
         <object_component_ref idref="oc-ce"/>
      </symbol>
      <symbol id="sm-2c6">
         <name>SysCtl_getClock</name>
         <value>0x85f4</value>
         <object_component_ref idref="oc-d4"/>
      </symbol>
      <symbol id="sm-2d0">
         <name>_c_int00</name>
         <value>0x8d28</value>
         <object_component_ref idref="oc-c0"/>
      </symbol>
      <symbol id="sm-2d1">
         <name>__stack</name>
         <value>0x400</value>
         <object_component_ref idref="oc-56"/>
      </symbol>
      <symbol id="sm-2de">
         <name>__c28xabi_divf</name>
         <value>0x8504</value>
         <object_component_ref idref="oc-141"/>
      </symbol>
      <symbol id="sm-2eb">
         <name>_system_pre_init</name>
         <value>0x8e28</value>
         <object_component_ref idref="oc-117"/>
      </symbol>
      <symbol id="sm-2fa">
         <name>__TI_auto_init_nobinit_nopinit</name>
         <value>0x8c2d</value>
         <object_component_ref idref="oc-15d"/>
      </symbol>
      <symbol id="sm-308">
         <name>__TI_decompress_none</name>
         <value>0x8e20</value>
         <object_component_ref idref="oc-26"/>
      </symbol>
      <symbol id="sm-31c">
         <name>__TI_decompress_lzss</name>
         <value>0x8bff</value>
         <object_component_ref idref="oc-20"/>
      </symbol>
      <symbol id="sm-332">
         <name>C$$EXIT</name>
         <value>0x87d7</value>
         <object_component_ref idref="oc-124"/>
      </symbol>
      <symbol id="sm-333">
         <name>abort</name>
         <value>0x87d7</value>
         <object_component_ref idref="oc-124"/>
      </symbol>
      <symbol id="sm-334">
         <name>exit</name>
         <value>0x87d9</value>
         <object_component_ref idref="oc-124"/>
      </symbol>
      <symbol id="sm-335">
         <name>__TI_dtors_ptr</name>
         <value>0xaaee</value>
         <object_component_ref idref="oc-18f"/>
      </symbol>
      <symbol id="sm-336">
         <name>__TI_cleanup_ptr</name>
         <value>0xaaec</value>
         <object_component_ref idref="oc-18f"/>
      </symbol>
      <symbol id="sm-337">
         <name>__TI_enable_exit_profile_output</name>
         <value>0xaaea</value>
         <object_component_ref idref="oc-18f"/>
      </symbol>
      <symbol id="sm-34e">
         <name>_nop</name>
         <value>0x8e17</value>
         <object_component_ref idref="oc-1c1"/>
      </symbol>
      <symbol id="sm-34f">
         <name>_lock</name>
         <value>0xaaf0</value>
         <object_component_ref idref="oc-192"/>
      </symbol>
      <symbol id="sm-350">
         <name>_unlock</name>
         <value>0xaaf2</value>
         <object_component_ref idref="oc-205"/>
      </symbol>
      <symbol id="sm-351">
         <name>_register_lock</name>
         <value>0x8e13</value>
         <object_component_ref idref="oc-1c1"/>
      </symbol>
      <symbol id="sm-352">
         <name>_register_unlock</name>
         <value>0x8e0f</value>
         <object_component_ref idref="oc-1c1"/>
      </symbol>
      <symbol id="sm-361">
         <name>_args_main</name>
         <value>0x8d8d</value>
         <object_component_ref idref="oc-11e"/>
      </symbol>
      <symbol id="sm-375">
         <name>memcpy</name>
         <value>0x8c80</value>
         <object_component_ref idref="oc-59"/>
      </symbol>
      <symbol id="sm-382">
         <name>_system_post_cinit</name>
         <value>0x8e2a</value>
         <object_component_ref idref="oc-1a7"/>
      </symbol>
   </symbol_table>
   <title>Link successful</title>
</link_info>
